// Jest Snapshot v1, https://goo.gl/fbAQLP

exports[`renders correctly 1`] = `
<footer
  className="sc-17d65132-0 gWzca-D"
>
  Footer
</footer>
`;
